struct three {
int one?
int two?
char f?
}

struct four {
int fi?
}


bool running()
{
for (a = 0? a < 5 or F? a = a + 1) {
if (a > 6)
{
print(errormessage, nameofuser)?
}
}
for (i = 10? T? i = i - 10) {
if (i < 0 and i is i)
{
return i?
}
}
}

