it worked!15String len is: 15MY LENGTH IS 15my length is 15-15hello world