Original File: ThiS IS A StrinG
Lower Case File: this is a string
Upper Case File: THIS IS A STRING
