Hello 
I 
am 
a 
sentence 
composed 
out 
of 
ten 
files
