

arr func()
{
new_array[0]?
x = thing.take?
x = new_array[1]?
if (x is not y)
print(T)?
}

